// Jest Snapshot v1, https://goo.gl/fbAQLP

exports[`historyAttemptDispatchAction: dispatches action matching pathname when history location changes 1`] = `
Object {
  "kind": "pop",
  "meta": Object {
    "location": Object {
      "current": Object {
        "kind": "pop",
        "pathname": "/second/foo",
        "payload": Object {
          "param": "foo",
        },
        "type": "SECOND",
      },
      "history": undefined,
      "kind": "pop",
      "prev": Object {
        "kind": "",
        "pathname": "",
        "payload": Object {},
        "type": "",
      },
    },
  },
  "payload": Object {
    "param": "foo",
  },
  "type": "SECOND",
}
`;
